// Jest Snapshot v1, https://goo.gl/fbAQLP

exports[`Renders against snapshot 1`] = `
.c0 {
  background: #e9ecef;
  border: none;
  border-radius: 5rem;
  box-shadow: 2px 2px 2px 0px rgba(0,0,0,0.2);
  display: -webkit-inline-box;
  display: -webkit-inline-flex;
  display: -ms-inline-flexbox;
  display: inline-flex;
  font-size: 1.6rem;
  margin: 0 0.5rem 0 0;
  padding: 1.5rem;
  position: relative;
  -webkit-transition: all 0.3s linear;
  transition: all 0.3s linear;
  outline: none;
}

.c0:focus-within {
  border-color: #00ACED;
}

.c0 path {
  -webkit-transition: fill 0.3s linear;
  transition: fill 0.3s linear;
}

.c1 {
  margin: 0;
}

<div
  class="c0"
  color="black"
  font-size="1.6rem"
  height="4rem"
>
  <span
    class="c1"
  />
</div>
`;
