// Jest Snapshot v1, https://goo.gl/fbAQLP

exports[`Renders against snapshot 1`] = `
.c1 {
  box-sizing: border-box;
  position: relative;
  height: 60px;
  width: 60px;
  will-change: transform,opacity;
  position: absolute;
  top: 50%;
  left: 50%;
  -webkit-transform: translate3d(-50%,-50%,0);
  -ms-transform: translate3d(-50%,-50%,0);
  transform: translate3d(-50%,-50%,0);
}

.c1:before,
.c1:after,
.c1 div {
  content: '';
  will-change: transform,opacity;
  border-radius: 100%;
  -webkit-animation-fill-mode: both;
  -webkit-animation-fill-mode: both;
  animation-fill-mode: both;
  position: absolute;
  top: 50%;
  left: 50%;
  margin: -30px;
  width: 60px;
  height: 60px;
  -webkit-animation: eyGOfj 1.3s 0s linear infinite;
  animation: eyGOfj 1.3s 0s linear infinite;
}

.c1:before {
  -webkit-animation-delay: -0.4s;
  animation-delay: -0.4s;
}

.c1:after {
  -webkit-animation-delay: -0.2s;
  animation-delay: -0.2s;
}

.c0 {
  position: relative;
  width: 100%;
  max-width: 100%;
  background: #8F8F8F;
  display: block;
  -webkit-box-pack: center;
  -webkit-justify-content: center;
  -ms-flex-pack: center;
  justify-content: center;
  -webkit-align-items: center;
  -webkit-box-align: center;
  -ms-flex-align: center;
  align-items: center;
  text-align: center;
  margin: 0 auto;
}

.c0:before {
  content: '';
  display: block;
  width: 100%;
  padding-bottom: 56.25%;
}

<div
  class="c0 salo-uploader "
>
  <div
    class="c1"
    data-testid="pulse-loader"
    size="60"
  >
    <div />
  </div>
</div>
`;
