// Jest Snapshot v1, https://goo.gl/fbAQLP

exports[`Renders against snapshot 1`] = `
.c1 {
  font-size: 1.4rem;
  margin: 0 0 0.5rem;
  padding: 0;
  color: inherit;
  word-break: break-word;
}

.c0 {
  width: 100%;
  -webkit-flex-direction: column;
  -ms-flex-direction: column;
  flex-direction: column;
  display: -webkit-box;
  display: -webkit-flex;
  display: -ms-flexbox;
  display: flex;
  margin: 0 0 2rem 0;
}

.c2 {
  padding: 1rem;
  background: #fafcff;
  border: 0.1rem solid;
  border-color: rgba(0,172,237,0.5);
  border-radius: 0.4rem;
}

<div
  class="c0  salo-radio"
>
  <label
    class="c1 salo-radio__label"
  >
    Label Text
  </label>
  <div
    class="c2 salo-radio__wrapper"
  />
</div>
`;
